---
source: tests/parse.rs
description: "{\n    var a = 4;\n    print a + 6;\n}\n\n{\n    a = b;\n    {\n        print b;\n        var c;\n    }\n\n    print a;\n\n    {}\n}\n"
expression: first_parse
---
{
    var a = 4;
    print a + 6;
}
{
    a = b;
    {
        print b;
        var c;
    }
    print a;
    {
    }
}
